// Jest Snapshot v1, https://goo.gl/fbAQLP

exports[`component: <DividedSection/> DividedSection should render without crashing 1`] = `
<div
  className="DividedSection DividedSection--horizontal"
/>
`;
