// Jest Snapshot v1, https://goo.gl/fbAQLP

exports[`component: <Box/> Box should render children properly 1`] = `
<div
  className="Box Box--bg-white"
/>
`;

exports[`component: <Box/> Box should render without crashing 1`] = `
<div
  className="Box Box--bg-white"
/>
`;
