// Jest Snapshot v1, https://goo.gl/fbAQLP

exports[`component: <DatePickerField/> should render without crashing 1`] = `
<DatePicker
  format="YYYY-MM-DD"
  name="testName"
  onChange={[Function]}
  onChangeInner={[Function]}
  showToday={false}
/>
`;
